
> dreadnoute@0.1.0 build
> next build

Ôû▓ Next.js 16.1.6 (Turbopack)
- Environments: .env.local

  Creating an optimized production build ...
Ô£ô Compiled successfully in 19.9s
  Running TypeScript ...
node.exe : Failed to compile.
At line:1 char:1
+ & "C:\Program Files\nodejs/node.exe" "C:\Program Files\nodejs/node_mo ...
+ ~~~~~~~~~~~~~~~~~~~~~~~~~~~~~~~~~~~~~~~~~~~~~~~~~~~~~~~~~~~~~~~~~~~~~
    + CategoryInfo          : NotSpecified: (Failed to compile.:String) [], RemoteException
    + FullyQualifiedErrorId : NativeCommandError
 

./src/app/settings/page.tsx:7:8
Type error: Module '"lucide-react"' has no exported member 'Toggle'.

[0m [90m  5 |[39m [36mimport[39m {
 [90m  6 |[39m   [33mShield[39m[33m,[39m [33mLock[39m[33m,[39m [33mEye[39m[33m,[39m 
[33mEyeOff[39m[33m,[39m [33mCreditCard[39m[33m,[39m [33mClock[39m[33m,[39m [33mSmartphone[39m[33m,[39m
[31m[1m>[22m[39m[90m  7 |[39m   [33mKey[39m[33m,[39m [33mToggle[39m[33m,[39m 
[33mToggleLeft[39m[33m,[39m [33mCheck[39m[33m,[39m [33mX[39m[33m,[39m [33mAlertTriangle[39m[33m,[39m 
[33mChevronRight[39m[33m,[39m
 [90m    |[39m        [31m[1m^[22m[39m
 [90m  8 |[39m   [33mGlobe[39m[33m,[39m [33mUsers[39m[33m,[39m [33mUserX[39m[33m,[39m 
[33mHistory[39m[33m,[39m [33mZap[39m[33m,[39m [33mWallet[39m[33m,[39m [33mReceipt[39m[33m,[39m 
[33mBell[39m[33m,[39m
 [90m  9 |[39m } [36mfrom[39m [32m"lucide-react"[39m[33m;[39m
 [90m 10 |[39m [36mimport[39m { cn } [36mfrom[39m [32m"@/lib/utils"[39m[33m;[39m[0m
Next.js build worker exited with code: 1 and signal: null
